// Jest Snapshot v1, https://goo.gl/fbAQLP

exports[`should render create notebook page correctly 1`] = `
<div>
  <h1>
    Crie um novo Caderno
  </h1>
  <NotebookForm
    onSubmit={[Function]}
  />
</div>
`;
